TLA+ Module: CoffeeTeaSmallBad
Diff rep grouped by action:

BrewTea:
Safety boundary representation: out/CoffeeTeaSmallBad_BrewTea_diff_rep.txt
Safety boundary rep formula (with sort definitions):
/\ brewed = {}
/\ temp = 70

BrewHotChocolate:
Safety boundary representation: out/CoffeeTeaSmallBad_BrewHotChocolate_diff_rep.txt
Safety boundary rep formula (with sort definitions):
/\ brewed = {}
/\ temp = 70
