TLA+ Module Comparison: CoffeeTeaSmallBad v. CoffeeTeaSmallPrime
CoffeeTeaSmallPrime is strictly more robust than CoffeeTeaSmallBad

the diff rep for eta(CoffeeTeaSmallBad) - eta(CoffeeTeaSmallPrime) is empty

Robustness comparison: eta(CoffeeTeaSmallPrime) - eta(CoffeeTeaSmallBad)
Diff rep grouped by action:

BrewTea:
Safety boundary representation: out/CoffeeTeaSmallPrime_BrewTea_diff_rep.txt
Safety boundary rep formula (with sort definitions):
/\ brewed = {}
/\ temp = 70

BrewHotChocolate:
Safety boundary representation: out/CoffeeTeaSmallPrime_BrewHotChocolate_diff_rep.txt
Safety boundary rep formula (with sort definitions):
/\ brewed = {}
/\ temp = 70
