TLA+ Module Comparison: CoffeeTeaSmallPrime v. CoffeeTeaSmall
The specs are equally robust

the diff rep for eta(CoffeeTeaSmallPrime) - eta(CoffeeTeaSmall) is empty

the diff rep for eta(CoffeeTeaSmall) - eta(CoffeeTeaSmallPrime) is empty
