TLA+ Module: CoffeeTeaSmallCorrect
Diff rep grouped by action:
CoffeeTeaSmallCorrect is robust against ANY behavior or environment
