TLA+ Module: Voting
Diff rep grouped by action:

Confirm:
Safety boundary representation: out/Voting_Confirm_diff_rep.txt
Safety boundary rep formula (with sort definitions):
Sort4 == {"Kevin","David","None","Ian"}
/\ booth = {"eofficial"}
/\ state = "confirm"
/\ confirmed = {}
/\ \A S \in Sort4 : (eoChoice # "None" /\ (voterChoice # S \/ eoChoice # S))
