TLA+ Module: Therac25
Diff rep grouped by action:

TypeB:
Safety boundary representation: out/Therac25_TypeB_diff_rep.txt
Safety boundary rep formula (with sort definitions):
/\ tableState = "rotateToFlattener"
/\ mode = "xray"
/\ state = "beamReady"
/\ readyToFire = FALSE
