Therac20 is robust against ANY behavior or environment, and is therefore strictly more robust than Therac25.
