TLA+ Module: ABPProtocol
Diff rep grouped by action:

Receive1:
Safety boundary representation: out/ABPProtocol_Receive1_diff_rep.txt
Safety boundary rep formula (with sort definitions):
/\ receiverBit = 1
/\ senderState = "waitInput"
/\ receiverState = "ackWaitRec"

GetAck0:
Safety boundary representation: out/ABPProtocol_GetAck0_diff_rep.txt
Safety boundary rep formula (with sort definitions):
Sort2 == {"Kevin","David","Ian"}
/\ senderState = "send"
/\ senderBit = 0
/\ receiverState = "output"
/\ \A S \in Sort2 : (output # S \/ input # S)

Receive0:
Safety boundary representation: out/ABPProtocol_Receive0_diff_rep.txt
Safety boundary rep formula (with sort definitions):
/\ receiverBit = 0
/\ senderState = "waitInput"
/\ receiverState # "output"

GetAck1:
Safety boundary representation: out/ABPProtocol_GetAck1_diff_rep.txt
Safety boundary rep formula (with sort definitions):
Sort2 == {"Kevin","David","Ian"}
/\ senderState = "send"
/\ senderBit = 1
/\ receiverState = "output"
/\ \A S \in Sort2 : (output # S \/ input # S)
