TLA+ Module: SecureVoting
Diff rep grouped by action:
SecureVoting is robust against ANY behavior or environment
