TLA+ Module: Voting
Diff rep grouped by action:

Confirm:
Safety boundary representation: out/Voting_Confirm_diff_rep.txt
Safety boundary rep formula (with sort definitions):
Sort3 == {"Kevin","David","None","Ian"}
/\ eoConfirm = "None"
/\ booth = {"eofficial"}
/\ state = "confirm"
/\ \A S \in Sort3 : ((voterChoice # S \/ eoChoice # S) /\ eoChoice # "None")
