TLA+ Module: VotingEOCannotCfm
Diff rep grouped by action:

Confirm:
Safety boundary representation: out/VotingEOCannotCfm_Confirm_diff_rep.txt
Safety boundary rep formula (with sort definitions):
/\ eoConfirm = "None"
/\ booth = {"eofficial"}
/\ state = "confirm"
/\ eoChoice # "None"
