TLA+ Module Comparison: Voting v. VotingEOCannotCfm
Voting is strictly more robust than VotingEOCannotCfm

Robustness comparison: eta(Voting) - eta(VotingEOCannotCfm)
Diff rep grouped by action:

Confirm:
Safety boundary representation: out/Voting_Confirm_diff_rep.txt
Safety boundary rep formula (with sort definitions):
Sort3 == {"Kevin","David","None","Ian"}
/\ eoConfirm = "None"
/\ booth = {"eofficial"}
/\ state = "confirm"
/\ \A S \in Sort3 : (eoChoice # "None" /\ (voterChoice = S => eoChoice = S))

the diff rep for eta(VotingEOCannotCfm) - eta(Voting) is empty
